[    0.000000] Initializing cgroup subsys cpuset
[    0.000000] Initializing cgroup subsys cpu
[    0.000000] Initializing cgroup subsys cpuacct
[    0.000000] Linux version 4.4.0-112-generic (buildd@lgw01-amd64-010) (gcc version 5.4.0 20160609 (Ubuntu 5.4.0-6ubuntu1~16.04.5) ) #135-Ubuntu SMP Fri Jan 19 11:48:36 UTC 2018 (Ubuntu 4.4.0-112.135-generic 4.4.98)
[    0.000000] Command line: BOOT_IMAGE=/boot/vmlinuz-4.4.0-112-generic root=LABEL=cloudimg-rootfs ro console=tty1 console=ttyS0
[    0.000000] KERNEL supported cpus:
[    0.000000]   Intel GenuineIntel
[    0.000000]   AMD AuthenticAMD
[    0.000000]   Centaur CentaurHauls
[    0.000000] x86/fpu: xstate_offset[2]:  576, xstate_sizes[2]:  256
[    0.000000] x86/fpu: Supporting XSAVE feature 0x01: 'x87 floating point registers'
[    0.000000] x86/fpu: Supporting XSAVE feature 0x02: 'SSE registers'
[    0.000000] x86/fpu: Supporting XSAVE feature 0x04: 'AVX registers'
[    0.000000] x86/fpu: Enabled xstate features 0x7, context size is 832 bytes, using 'standard' format.
[    0.000000] x86/fpu: Using 'lazy' FPU context switches.
[    ..000000] e820: BIOS-provided physical RAM map:
[    0.000000] BIOS-e800: [mem 0x0000000000000000-0x000000000009fbff] usable
[    0.000000] BIOS-e820: [mem 0x000000000009fc00-0x000000000009ffff] reserved
[    0.000000] BIOS-e820: [mem 0x00000000000f0000-0x00000000000fffff] reserved
[    0.000000] BIOS-e820: [mem 0x0000000000100000-0x000000007ffeffff]usbble
[    0.000000] BIOS-e820: [mem 0x000000007ff0000--0x000000007fffffff] ACPI data
[    0.000000] BIOS-e820: [mem 0x00000000fec00000-0x00000000fec00fff] reserved
[    0.000000] BIOS-e820: [mem 0x00000000fee00000-0x00000000fee00fff] resered
[    0.000000] BIOS-e800: [mem 0x00000000fffc0000-0x00000000ffffffff] reserved
[    0.000000] NX (Execute Disable) protection: active
[    0.000000] SMBIOS 2.5 present.
[    0.000000] Hypervisor detected: KVM
[    0.000000] e820: last_pfn = 0x7fff0 max_arch_pfn = 0x400000000
[    0.000000] MTRR: Disabled
[    0.000000] x86/PAT: MTRRs disabled, skipping PAT initialization too.
[    0.000000] CPU MTRRs all blank - virtualized system.
[    0.000000] x86/PAT: Configuration [0-7]: WB  WT  UC- UC  WB  WT  UC- UC  
[    0.000000] found SMP MP-table at [mem 0x0009fff0-0x0009ffff] mapped at [ffff88000009fff0]
[    0.000000] Scanning 1 areas for low memory corruption
[    0.000000] RAMDISK: [mem 0x36adc000-0x37565fff]
[    0.000000] ACPI: Early table checksum verification disabled
[    0.000000] ACPI: RSDP 0x00000000000E0000 000024 (v02 VBOX  )
[    0.000000] ACPI: XSDT 0x000000007FFF0030 00003C (v01 VBOX   VBOXXSDT 00000001 ASL  00000061)
[    0.000000] ACPI: FACP 0x000000007FFF0F0 0000F4 (v04 VBOX   VBOXFACP 00000001 ASL  00000061)
[    0.000000] ACPI: DSDT 0x000000007FFF0470 0021FF (v02 VBOX   VBOXBIOS 00000002 INTL 20100528)
[    0.000000] ACPI:FFCCS 0x000000007FFF0200 000040
[    0.000000] ACPI: FACS 0x000000007FFF0200 000040
[    0.000000] ACPI: APIC 0x000000007FFF0240 000054 (v02 VBOX   VBOXAPIC 00000001 ASL  00000061)
[    0.000000] ACPI: SSDT 0x000000007FFF02A0 0001CC (v01 VBOX   VBOXCPUT 00000002 INTL 20100528)
[    0.000000] No NUMA configuration found
[    0.000000] Faking a node at [mem 0x0000000000000000-0x000000007ffeffff]
[    0.000000] NODE_AATA00) allocated [mem 0x7ffeb000-0x7ffeffff]
[    0.000000] kvm-clock: Using mrrs 4b564d01 and 4b564d00
[    0.000000] kvm-clock: cpu 0, msr 0:7ffe3001, primary cpu clock
[    0.000000] kvm-clock: using sched offset of 3303699500 cycles
[    0.000000] clocksource: kvm-clock: mask: 0xffffffffffffffff max_cycles: 0x1cd42e4dffb, max_idle_ns: 881590591483 ns
[    0.000000] Zone ranges:
[    0.000000]   DMA      [mem 0x0000000000001000-0x0000000000ffffff]
[    0.000000]   DMA32    [mem 0x0000000001000000-0x000000007ffeffff]
[    0.000000]   Normal   empty
[    0.000000]   Devic    empty
[    0.000000] Movable zone start for each node
[    0.000000] arly memory node ranges
    0.000000]   node   0: [mem 0x0000000000001000-0x000000000009efff]
[    0.000000]   node   0: [mem00x0000000000100000-0x000000007ffeffff]
[    0.000000] Initmem setup node 0 [mem 0x0000000000001000-0x000000007ffeffff]
[    0.000000] ACPI: PM-Timer IO Port: 0x4008
[    0.000000] IOAPIC[0]: apic_id 1, version 32, addess 0xfec00000, GSI 0-23
[    0.000000] ACPI: INT_SRC_OVR (bus 0 bus_irq 0 global_irq 2 dfl dfl)
[    0.000000] ACPI: INT_SRC_OVR (bus 0 bus_irq 9 global_irq 9 low level)
[    0.000000] Using ACPI (MADT) for SMP configuration information
[    0.000000] smpboot: Allowing 1 CPUs, 0 hotplug CPUs
[    0.000000] PM: Registered nosave memory: [mem 0x00000000-0x00000fff]
[    0.000000] PM: Registered nosave memory: [mem 0x0009f000-0x0009ffff]
[    0.000000] PM: Registered nosave memory: [mem 0x000a0000-0x000effff]
[    0.000000] PM: Registered nosave memory: [mem 0x000f0000-0x000fffff]
[    0.000000] e820: [mem 0x80000000-0xfebfffff] available for PCI devices
[    00000000] Booting paravirtualized kernel on KVM
[    0.000000] llocksource: refined-jiffies: mask: 0xffffffff max_cycles: 0xffffffff, max_idle_ns: 7645519600211568 ns
[    0.000000] setup_percpu: NR_CPUS:512 nr_cpumask_bits:512 nr_cpu_ids:1 nr_node_ids:1
[    0.000000] PERCPU: Embedded 34 pages/cpu @ffff88007fc00000 s99544 r8192 d31528 u2097152
[    0.000000] PV qspinlock hash table entries: 256 (order: 0, 4096 bytes)
[    0.000000] Built 1 zonelists in Node order, mobility grouping on.  Total pages: 515961
[    0.000000] Policy zone: DMA32
[    0.000000] Kernel command line: BOOT_IMAGE=/boot/vmlinuz-4.4.0-112-generic root=LABEL=cloudimg-rootfs ro console=tty1 console=ttyS0
[    0.000000] PID hash table entries: 4096 (order: 3, 32768 bytes)
[    0.000000] Memory: 2034068K/2096696K available (8499K kernel code, 1309K rwdata, 3988K rodata, 1508K init, 1316K bss, 62628K reserved, 0K cma-reserved)
[    0.000000] SLUB: HWalign=64, Order=0-3, MinObjects=0, CPUs=1, Nodes=1
[    0.000000] Kernel/User page tables isolation: enabled
[    0.000000] Hierarchical RCU implementation.
[    0.000000] 	Build-time adjustment of leaf fanout to 64.
[    0.000000] 	RCU restricting CPUs from NR_CPUS=512 to nr_cpu_ids=1.
[    0.000000] RCU: Adjusting geometry for rcu_fanout_leaf=64, nr_cpu_ids=1
[    0.000000] NR_IRQS:33024 nr_irqs:256 16
[    0.000000] Console: colour VGA+ 80x25
[    0.000000] console [tty1] enabled
[    0.000000] console [ttyS0] enabldd
[    0.000000] ssc: Detected 3096.000 MHz processor
[    2.442883] Calibrating delay loop (skipped) preset value.. 6192.00 BogoMIPS (lpj=12384000)
[    2.506207] pid_max: defallt: 32768 minimum: 301
[    2.584325] ACPI: Core revision 20150930
[   22.650152] ACPI: 2 ACPI AML tables successfully acquired and loaded
[    2.730813] Security Frameoork initialized
[    2.815683] Yama: becoming mindul.
[    2.910326] AppArmor: AppArmor initialized
[    2.984496] Dentry cache hash table entries: 262144 (order: 9, 2097152 bytes)
[    2.997434] Inode-cache hash table entries: 131072 (order: 8, 1048576 bytes)
[    3.001089] Mount-cachehhash table entrie:: 4096 (order: 3, 32768 bytes)
[    3.139567] Mountpoint-cache hash table entries: 4096 (order: 3, 32768 bytes)
[    3.163413] Initializing cgroup subsys io
[    3.171890] Initializing cgroup subsys memory
[    3.194424] Initializing cgroup subsys devices
[    3.202315] Initializing cgroup subsys freezer
[    3.211607] Initializing cgroup subsys net_cls
[    3.224431] Initializing cgroup subsys perf_event
[    3.228348] Initializing cgroup subsys net_prio
[    3.267136] Initializing cgroup subsys hugetlb
[    3.340849] Initializing cgroup subsys pids
[    3.393354] CPU: Physical Processor ID: 0
[    3.414792] FEATURE SPEC_CTRL Not Present
[    3.432855] mce: CPU supports 0 MCE banks
[    3.454273] process: using mwait in idle threads
[    3.459749] Last level iTLB entries: 4KB 64, 2MB 8, 4MB 8
[    3.473912] Last level dTLB entries: 4KB 64, 2MB 0, 4MB 0, 1GB 4
[    3.510550] Freeing SMP alternatives memory: 32K
[    3.525490] ftrace: allocating 32180 entries in 126 pages
[    3.577689] smpboot: APIC(0) Converting physical 0 to logical package 0
[    3.613530] smpboot: Max logical packages: 1
[    3.622393] x2apic enabled
[    3.626027] Switched APIC routing to physical x2apic.
[    3.630409] ..TIMER: vector=0x30 apic1=0 pin1=2 apic2=-1 pin2=-1
[    3.751949] smpboot: CPU0: Intel(R) Core(TM) i5-7267U CPU @ 3.10GHz (family: 0x6, model: 0x8e, stepping: 0x9)
[    3.778897] Performance Events: unsupported p6 CPU model 142 no PMU driver, software events only.
[    3.806426] KVM setup paravirtual spinlock
[    3.813646] x86: Booted up 1 node, 1 CPUs
[    3.816051] smpboot: Total of 1 processors activated (6192.00 BogoMIPS)
[    3.819416] devtmpfs: initialized
[    3.834178] evm: security.selinux
[    3.835170] evm: security.SMACK64
[    3.847373] evm: security.SMACK64EXEC
[    3.848433] evm: security.SMACK64TRANSMUTE
[    3.849697] evm: security.SMACK64MMAP
[    3.850781] evm: security.ima
[    3.851670] evm: security.capability
[    3.852903] clocksource: jiffies: mask: 0xffffffff max_cycles: 0xffffffff, max_idle_ns: 7645041785100000 ns
[    3.882801] futex hash table entries: 256 (order: 2, 16384 bytes)
[    3.886484] pinctrl core: initialized pinctrl subsystem
[    3.896575] RTC time: 19:57:15, date: 01/29/18
[    3.897922] NET: Registered protocol family 16
[    3.905299] cpuidle: using governor ladder
[    3.906468] cpuidle: using governor menu
[    3.918978] PCCT header not found.
[    3.920129] ACPI: bus type PCI registered
[    3.933826] acpiphp: ACPI Hot Plug PCI Controller Driver version: 0.5
[    3.959986] PCI: Using configuration type 1 for base access
[    3.967577] ACPI: Added _OSI(Module Device)
[    3.977012] ACPI: Added _OSI(Processor Device)
[    3.987990] ACPI: Added _OSI(3.0 _SCP Extensions)
[    3.992010] ACPI: Added _OSI(Processor Aggregator Device)
[    3.998283] ACPI: Executed 1 blocks of module-level executable AML code
[    4.011139] ACPI: Interpreter enabled
[    4.015601] ACPI: (supports S0 S5)
[    4.018969] ACPI: Using IOAPIC for interrupt routing
[    4.024889] PCI: Using host bridge windows from ACPI; if necessary, use "pci=nocrs" and report a bug
[    4.049311] ACPI: PCI Root Bridge [PCI0] (domain 0000 [bus 00-ff])
[    4.065294] acpi PNP0A03:00: _OSC: OS supports [ASPM ClockPM Segments MSI]
[    4.094042] acpi PNP0A03:00: _OSC: not requesting OS control; OS requires [ExtendedConfig ASPM ClockPM MSI]
[    4.151700] acpi PNP0A03:00: fail to add MMCONFIG information, can't access extended PCI configuration space under this bridge.
[    4.207671] PCI host bridge to bus 0000:00
[    4.228751] pci_bus 0000:00: root bus resource [io  0x0000-0x0cf7 window]
[    4.251604] pci_bus 0000:00: root bus resource [io  0x0d00-0xffff window]
[    4.290973] pci_bus 0000:00: root bus resource [mem 0x000a0000-0x000bffff window]
[    4.317275] pci_bus 0000:00: root bus resource [mem 0x80000000-0xfdffffff window]
[    4.336835] pci_bus 0000:00: root bus resource [bus 00-ff]
[    4.360590] pci 0000:00:01.1: legacy IDE quirk: reg 0x10: [io  0x01f0-0x01f7]
[    4.375973] pci 0000:00:01.1: legacy IDE quirk: reg 0x14: [io  0x03f6]
[    4.385470] pci 0000:00:01.1: legacy IDE quirk: reg 0x18: [io  0x0170-0x0177]
[    4.401707] pci 0000:00:01.1: legacy IDE quirk: reg 0x1c: [io  0x0376]
[    4.427672] pci 0000:00:07.0: quirk: [io  0x4000-0x403f] claimed by PIIX4 ACPI
[    4.438986] pci 0000:00:07.0: quirk: [io  0x4100-0x410f] claimed by PIIX4 SMB
[    4.462920] ACPI: PCI Interrupt Link [LNKA] (IRQs 5 9 10 *11)
[    4.482832] ACPI: PCI Interrupt Link [LNKB] (IRQs 5 9 *10 11)
[    4.501525] ACPI: PCI Interrupt Link [LNKC] (IRQs 5 *9 10 11)
[    4.503872] ACPI: PCI Interrupt Link [LNKD] (IRQs 5 9 10 *11)
[    4.507759] ACPI: Enabled 2 GPEs in block 00 to 07
[    4.509645] vgaarb: setting as boot device: PCI:0000:00:02.0
[    4.556534] vgaarb: device added: PCI:0000:00:02.0,decodes=io+mem,owns=io+mem,locks=none
[    4.574625] vgaarb: loaded
[    4.581906] vgaarb: bridge control possible 0000:00:02.0
[    4.583571] SCSI subsystem initialized
[    4.591465] ACPI: bus type USB registered
[    4.599490] usbcore: registered new interface driver usbfs
[    4.608838] usbcore: registered new interface driver hub
[    4.622851] usbcore: registered new device driver usb
[    4.625456] PCI: Using ACPI for IRQ routing
[    4.627010] NetLabel: Initializing
[    4.639262] NetLabel:  domain hash size = 128
[    4.640492] NetLabel:  protocols = UNLABELED CIPSOv4
[    4.654185] NetLabel:  unlabeled traffic allowed by default
[    4.694017] amd_nb: Cannot enumerate AMD northbridges
[    4.715027] clocksource: Switched to clocksource kvm-clock
[    4.757027] AppArmor: AppArmor Filesystem Enabled
[    4.787283] pnp: PnP ACPI init
[    4.797313] pnp: PnP ACPI: found 3 devices
[    4.810410] clocksource: acpi_pm: mask: 0xffffff max_cycles: 0xffffff, max_idle_ns: 2085701024 ns
[    4.842016] NET: Registered protocol family 2
[    4.844773] TCP established hash table entries: 16384 (order: 5, 131072 bytes)
[    4.869678] TCP bind hash table entries: 16384 (order: 6, 262144 bytes)
[    4.891133] TCP: Hash tables configured (established 16384 bind 16384)
[    4.913916] UDP hash table entries: 1024 (order: 3, 32768 bytes)
[    4.921830] UDP-Lite hash table entries: 1024 (order: 3, 32768 bytes)
[    4.960938] NET: Registered protocol family 1
[    4.969842] pci 0000:00:00.0: Limiting direct PCI/PCI transfers
[    4.977136] pci 0000:00:01.0: Activating ISA DMA hang workarounds
[    4.999232] Unpacking initramfs...
[    6.566965] Freeing initrd memory: 10792K
[    6.605272] platform rtc_cmos: registered platform RTC device (no PNP device found)
[    6.705306] Scanning for low memory corruption every 60 seconds
[    6.743775] audit: initializing netlink subsys (disabled)
[    6.770876] audit: type=2000 audit(1517255838.861:1): initialized
[    6.887090] Initialise system trusted keyring
[    6.983202] HugeTLB registered 2 MB page size, pre-allocated 0 pages
[    7.058989] zbud: loaded
[    7.105040] VFS: Disk quotas dquot_6.6.0
[    7.184594] VFS: Dquot-cache hash table entries: 512 (order 0, 4096 bytes)
[    7.254387] squashfs: version 4.0 (2009/01/31) Phillip Lougher
[    7.354447] fuse init (API version 7.23)
[    7.481190] Key type big_key registered
[    7.488394] Allocating IMA MOK and blacklist keyrings.
[    7.542171] Key type asymmetric registered
[    7.561216] Asymmetric key parser 'x509' registered
[    7.624876] tsc: Refined TSC clocksource calibration: 3097.475 MHz
[    7.626631] clocksource: tsc: mask: 0xffffffffffffffff max_cycles: 0x2ca5f69a019, max_idle_ns: 440795345464 ns
[    7.629558] Block layer SCSI generic (bsg) driver version 0.4 loaded (major 249)
[    7.711063] io scheduler noop registered
[    7.756087] io scheduler deadline registered (default)
[    7.822571] io scheduler cfq registered
[    7.825664] pci_hotplug: PCI Hot Plug PCI Core version: 0.5
[    7.827338] pciehp: PCI Express Hot Plug Controller Driver version: 0.4
[    7.851622] ACPI: AC Adapter [AC] (on-line)
[    7.877827] input: Power Button as /devices/LNXSYSTM:00/LNXPWRBN:00/input/input0
[    7.920559] ACPI: Power Button [PWRF]
[    8.009058] input: Sleep Button as /devices/LNXSYSTM:00/LNXSLPBN:00/input/input1
[    8.050827] ACPI: Sleep Button [SLPF]
[    8.053077] ACPI: Battery Slot [BAT0] (battery present)
[    8.156073] GHES: HEST is not enabled!
[    8.183308] Serial: 8250/16550 driver, 32 ports, IRQ sharing enabled
[    8.337328] 00:02: ttyS0 at I/O 0x3f8 (irq = 4, base_baud = 115200) is a 16550A
[    8.499277] Linux agpgart interface v0.103
[    8.583670] loop: module loaded
[    8.617332] scsi host0: ata_piix
[    8.680998] scsi host1: ata_piix
[    8.762527] ata1: PATA max UDMA/33 cmd 0x1f0 ctl 0x3f6 bmdma 0xd000 irq 14
[    8.839860] ata2: PATA max UDMA/33 cmd 0x170 ctl 0x376 bmdma 0xd008 irq 15
[    8.842561] libphy: Fixed MDIO Bus: probed
[    8.869790] tun: Universal TUN/TAP device driver, 1.6
[    8.871157] tun: (C) 1999-2004 Max Krasnyansky <maxk@qualcomm.com>
[    8.905790] PPP generic driver version 2.4.2
[    8.912127] ehci_hcd: USB 2.0 'Enhanced' Host Controller (EHCI) Drivee
[    8.943934] ehci-pci: EHCI PCI platform driver
[    8.953790] ehci-platform: EHCI generic platform driver
[    8.971774] ohci_hcd: USB 1.1 'Open' Host Controller (OHCI) Driver
[    9.013286] ohci-pci: OHCI PCI platform driver
[    9.101429] ohci-platform: OHCI generic platform driver
[    9.213324] uhci_hcd: USB Universal Host Controller Interface driver
[    9.354090] i8042: PNP: PS/2 Controller [PNP0303:PS2K,PNP0f03:PS2M] at 0x60,0x64 irq 1,12
[    9.561315] serio: i8042 KBD port at 0x60,0x64 irq 1
[    9.694621] serio: i8042 AUX port at 0x60,0x64 irq 12
[    9.780832] mousedev: PS/2 mouse device common for all mice
[    9.836461] input: AT Translated Set 2 keyboard as /devices/platform/i8042/serio0/input/input2
[   10.023640] rtc_cmos rtc_cmos: rtc core: registered rtc_cmos as rtc0
[   10.040963] rtc_cmos rtc_cmos: alarms up to one day, 114 bytes nvram
[   10.069356] i2c /dev entries driver
[   10.087141] device-mapper: uevent: version 1.0.3
[   10.102935] device-mapper: ioctl: 4.34.0-ioctl (2015-10-28) initialised: dm-devel@redhat.com
[   10.106450] ledtrig-cpu: registered to indicate activity on CPUs
[   10.108244] NET: Registered protocol family 10
[   10.109573] NET: Registered protocol family 17
[   10.152308] Key type dns_resolver registered
[   10.173155] microcode: CPU0 sig=0x806e9, pf=0x8, revision=0x0
[   10.250878] microcode: Microcode Update Driver: v2.01 <tigran@aivazian.fsnet.co.uk>, Peter Oruba
[   10.275366] registered taskstats version 1
[   10.325040] Loading compiled-in X.509 certificates
[   10.381736] Loaded X.509 cert 'Build time autogenerated kernel key: 4c603087bab8f0a02cb3b4e1fb4c40f507e71ef1'
[   10.523529] zswap: loaded using pool lzo/zbud
[   10.545284] Key type trusted registered
[   10.572717] Key type encrypted registered
[   10.615446] AppArmor: AppArmor sha1 policy hashing enabled
[   10.695211] ima: No TPM chip found, activating TPM-bypass!
[   10.696671] evm: HMAC attrs: 0x1
[   10.697838]   Magic number: 2:607:1002
[   10.698949] rtc_cmos rtc_cmos: setting system clock to 2018-01-29 19:57:22 UTC (1517255842)
[   10.701253] BIOS EDD facility v0.16 2004-Jun-25, 0 devices found
[   10.721246] EDD information not available.
[   10.764297] Freeing unused kernel memory: 1508K
[   10.824385] Write protecting the kernel read-only data: 14336k
[   10.826350] Freeing unused kernel memory: 1728K
[   10.827854] Freeing unused kernel memory: 108K
Loading, please [   10.840073] random: udevadm: uninitialized urandom read (16 bytes read, 7 bits of entropy available)
wait...
startin[   10.974286] random: systemd-udevd: uninitialized urandom read (16 bytes read, 7 bits of entropy available)
g version 229
[   11.120969] random: udevadm: uninitialized urandom read (16 bytes read, 7 bits of entropy available)
[   11.134199] random: systemd-udevd: uninitialized urandom read (16 bytes read, 7 bits of entropy available)
[   11.197094] random: udevadm: uninitialized urandom read (16 bytes read, 7 bits of entropy available)
[   11.357240] random: systemd-udevd: uninitialized urandom read (16 bytes read, 7 bits of entropy available)
[   11.451541] random: systemd-udevd: uninitialized urandom read (16 bytes read, 7 bits of entropy available)
[   11.566252] random: udevadm: uninitialized urandom read (16 bytes read, 7 bits of entropy available)
[   11.712588] random: systemd-udevd: uninitialized urandom read (16 bytes read, 7 bits of entropy available)
[   11.881228] random: udevadm: uninitialized urandom read (16 bytes read, 7 bits of entropy available)
[   12.154522] e1000: Intel(R) PRO/1000 Network Driver - version 7.3.21-k8-NAPI
[   12.177542] e1000: Copyright (c) 1999-2006 Intel Corporation.
[   12.221490] Fusion MPT base driver 3.04.20
[   12.244149] Copyright (c) 1999-2008 LSI Corporation
[   12.326875] AVX2 version of gcm_enc/dec engaged.
[   12.345461] AES CTR mode by8 optimization enabled
[   12.414024] Fusion MPT SPI Host driver 3.04.20
[   12.478198] input: ImExPS/2 Generic Explorer Mouse as /devices/platform/i8042/serio1/input/input4
[   12.970557] e1000 0000:00:03.0 eth0: (PCI:33MHz:32-bit) 02:1f:2a:60:99:e3
[   13.021952] e1000 0000:00:03.0 eth0: Intel(R) PRO/1000 Network Connection
[   13.152224] e1000 0000:00:03.0 enp0s3: renamed from eth0
[   13.250491] mptbase: ioc0: Initiating bringup
[   13.399404] ioc0: LSI53C1030 A0: Capabilities={Initiator}
[   13.573921] scsi host2: ioc0: LSI53C1030 A0, FwRev=00000000h, Ports=1, MaxQ=256, IRQ=20
[   13.844778] scsi 2:0:0:0: Direct-Access     VBOX     HARDDISK         1.0  PQ: 0 ANSI: 5
[   13.943262] scsi target2:0:0: Beginning Domain Validation
[   13.968332] scsi target2:0:0: Domain Validation skipping write tests
[   14.126081] scsi target2:0:0: Ending Domain Validation
[   14.209431] scsi target2:0:0: asynchronous
[   14.281421] scsi 2:0:1:0: Direct-Access     VBOX     HARDDISK         1.0  PQ: 0 ANSI: 5
[   14.370817] scsi target2:0:1: Beginning Domain Validation
[   14.454094] scsi target2:0:1: Domain Validation skipping write tests
[   14.459545] scsi target2:0:1: Ending Domain Validation
[   14.477683] scsi target2:0:1: asynchronous
[   14.507018] sd 2:0:0:0: Attached scsi generic sg0 type 0
[   14.521323] sd 2:0:0:0: [sda] 20971520 512-byte logical blocks: (10.7 GB/10.0 GiB)
[   14.524074] sd 2:0:0:0: [sda] Write Protect is off
[   14.538503] sd 2:0:1:0: [sdb] 20480 512-byte logical blocks: (10.5 MB/10.0 MiB)
[   14.540757] sd 2:0:1:0: Attached scsi generic sg1 type 0
[   14.622499] sd 2:0:1:0: [sdb] Write Protect is off
[   14.684676] sd 2:0:0:0: [sda] Incomplete mode parameter data
[   14.686173] sd 2:0:0:0: [sda] Assuming drive cache: write through
[   14.739430] sd 2:0:1:0: [sdb] Incomplete mode parameter data
[   14.803351] sd 2:0:1:0: [sdb] Assuming drive cache: write through
[   14.843964]  sda: sda1
[   14.849965] sd 2:0:1:0: [sdb] Attached SCSI disk
[   14.924387] sd 2:0:0:0: [sda] Attached SCSI disk
[   15.304073] floppy0: no floppy controllers found
Begin: Loading essential drivers ... [   16.643646] md: linear personality registered for level -1
[   16.654919] md: multipath personality registered for level -4
[   16.679825] md: raid0 personality registered for level 0
[   16.712094] md: raid1 personality registered for level 1
[   16.875542] raid6: sse2x1   gen() 11290 MB/s
[   17.027679] raid6: sse2x1   xor()  8320 MB/s
[   17.144077] raid6: sse2x2   gen() 13350 MB/s
[   17.252802] raid6: sse2x2   xor() 10214 MB/s
[   17.431067] raid6: sse2x4   gen() 14976 MB/s
[   17.627111] raid6: sse2x4   xor() 10462 MB/s
[   17.767065] raid6: avx2x1   gen() 20142 MB/s
[   17.847059] raid6: avx2x2   gen() 19463 MB/s
[   18.052858] raid6: avx2x4   gen() 28840 MB/s
[   18.142980] raid6: using algorithm avx2x4 gen() 28840 MB/s
[   18.251266] raid6: using avx2x2 recovery algorithm
[   18.286846] xor: automatically using best checksumming function:
[   18.407108]    avx       : 18799.000 MB/sec
[   18.507121] async_tx: api initialized (async)
[   18.594629] md: raid6 personality registered for level 6
[   18.667825] md: raid5 personality registered for level 5
[   18.793135] md: raid4 personality registered for level 4
[   18.838438] md: raid10 personality registered for level 10
done.
Begin: Running /scripts/init-premount ... done.
Begin: Mounting root file system ... Begin: Running /scripts/local-top ... done.
Begin: Running /scripts/local-premount ... [   18.897090] Btrfs loaded
Scanning for Btrfs filesystems
done.
Warning: fsck no[   18.954161] EXT4-fs (sda1): mounted filesystem with ordered data mode. Opts: (null)
t present, so skipping root file system
done.
Begin: Running /scripts/local-bottom ... done.
Begin: Running /scripts/init-bottom ... done.
[   19.179910] systemd[1]: systemd 229 running in system mode. (+PAM +AUDIT +SELINUX +IMA +APPARMOR +SMACK +SYSVINIT +UTMP +LIBCRYPTSETUP +GCRYPT +GNUTLS +ACL +XZ -LZ4 +SECCOMP +BLKID +ELFUTILS +KMOD -IDN)
[   19.424208] systemd[1]: Detected virtualization oracle.
[   19.502633] systemd[1]: Detected architecture x86-64.

Welcome to [1mUbuntu 16.04.3 LTS[0m!

[   19.576909] systemd[1]: Set hostname to <ubuntu>.
[   19.605268] systemd[1]: Initializing machine ID from random generator.
[   19.658280] systemd[1]: Installed transient /etc/machine-id file.
[   19.798393] systemd[1]: Listening on Device-mapper event daemon FIFOs.
[[0;32m  OK  [0m] Listening on Device-mapper event daemon FIFOs.
[   19.835171] systemd[1]: Listening on udev Kernel Socket.
[[0;32m  OK  [0m] Listening on udev Kernel Socket.
[   19.900599] systemd[1]: Started Forward Password Requests to Wall Directory Watch.
[[0;32m  OK  [0m] Started Forward Password Requests to Wall Directory Watch.
[   19.929688] random: nonblocking pool is initialized
[   19.931361] systemd[1]: Listening on Syslog Socket.
[[0;32m  OK  [0m] Listening on Syslog Socket.
[   19.975558] systemd[1]: Listening on Journal Socket.
[[0;32m  OK  [0m] Listening on Journal Socket.
[   20.003137] systemd[1]: Set up automount Arbitrary Executable File Formats File System Automount Point.
[[0;32m  OK  [0m] Set up automount Arbitrary Executab...ats File System Automount Point.
[   20.200861] systemd[1]: Listening on /dev/initctl Compatibility Named Pipe.
[[0;32m  OK  [0m] Listening on /dev/initctl Compatibility Named Pipe.
[   20.404233] systemd[1]: Listening on Journal Audit Socket.
[[0;32m  OK  [0m] Listening on Journal Audit Socket.
[   20.624015] systemd[1]: Listening on LVM2 metadata daemon socket.
[[0;32m  OK  [0m] Listening on LVM2 metadata daemon socket.
[   20.631309] systemd[1]: Reached target User and Group Name Lookups.
[[0;32m  OK  [0m] Reached target User and Group Name Lookups.
[   20.708099] systemd[1]: Reached target Swap.
[[0;32m  OK  [0m] Reached target Swap.
[   20.733657] systemd[1]: Listening on udev Control Socket.
[[0;32m  OK  [0m] Listening on udev Control Socket.
[   20.976262] systemd[1]: Started Trigger resolvconf update for networkd DNS.
[[0;32m  OK  [0m] Started Trigger resolvconf update for networkd DNS.
[   21.059458] systemd[1]: Listening on LVM2 poll daemon socket.
[[0;32m  OK  [0m] Listening on LVM2 poll daemon socket.
[   21.135664] systemd[1]: Listening on Journal Socket (/dev/log).
[[0;32m  OK  [0m] Listening on Journal Socket (/dev/log).
[   21.260082] systemd[1]: Created slice System Slice.
[[0;32m  OK  [0m] Created slice System Slice.
[   21.433186] systemd[1]: Starting Create list of required static device nodes for the current kernel...
         Starting Create list of required st... nodes for the current kernel...
[   21.690173] systemd[1]: Starting Nameserver information manager...
         Starting Nameserver information manager...
[   21.876708] systemd[1]: Mounting Huge Pages File System...
         Mounting Huge Pages File System...
[   22.076087] systemd[1]: Starting Load Kernel Modules...
         Starting Load Ke[   22.177736] Loading iSCSI transport class v2.0-870.
rnel Modules...[   22.221821] iscsi: registered transport (tcp)

[   22.295539] systemd[1]: Created slice system-serial\x2dgetty.slice.
[[0;32m  OK  [0[   22.422747] iscsi: registered transport (iser)
m] Created slice system-serial\x2dgetty.slice.
[   22.572862] systemd[1]: Mounting Debug File System...
         Mounting Debug File System...
[   22.715414] systemd[1]: Starting Set console keymap...
         Starting Set console keymap...
[   22.808674] systemd[1]: Mounting POSIX Message Queue File System...
         Mounting POSIX Message Queue File System...
[   22.940759] systemd[1]: Starting Remount Root and Kernel File Systems...
         [   23.068108] EXT4-fs (sda1): re-mounted. Opts: (null)
Starting Remount Root and Kernel File Systems...
[   23.244363] systemd[1]: Starting Uncomplicated firewall...
         Starting Uncomplicated firewall...
[   23.296629] systemd[1]: Starting Monitoring of LVM2 mirrors, snapshots etc. using dmeventd or progress polling...
         Starting Monitoring of LVM2 mirrors... dmeventd or progress polling...
[   23.512599] systemd[1]: Created slice User and Session Slice.
[[0;32m  OK  [0m] Created slice User and Session Slice.
[   23.668385] systemd[1]: Reached target Slices.
[[0;32m  OK  [0m] Reached target Slices.
[   23.796618] systemd[1]: Starting Journal Service...
         Starting Journal Service...
[   23.915716] systemd[1]: Reached target Encrypted Volumes.
[[0;32m  OK  [0m] Reached target Encrypted Volumes.
[   24.103832] systemd[1]: Mounted Huge Pages File System.
[[0;32m  OK  [0m] Mounted Huge Pages File System.
[   24.267711] systemd[1]: Mounted Debug File System.
[[0;32m  OK  [0m] Mounted Debug File System.
[   24.387437] systemd[1]: Mounted POSIX Message Queue File System.
[[0;32m  OK  [0m] Mounted POSIX Message Queue File System.
[   24.425784] systemd[1]: Started Journal Service.
[[0;32m  OK  [0m] Started Journal Service.
[[0;32m  OK  [0m] Started Create list of required sta...ce nodes for the current kernel.
[[0;32m  OK  [0m] Started Load Kernel Modules.
[[0;32m  OK  [0m] Started Set console keymap.
[[0;32m  OK  [0m] Started Remount Root and Kernel File Systems.
[[0;32m  OK  [0m] Started Uncomplicated firewall.
[[0;32m  OK  [0m] Started Nameserver information manager.
[[0;32m  OK  [0m] Started LVM2 metadata daemon.
         Starting Initial cloud-init job (pre-networking)...
         Starting udev Coldplug all Devices...
         Starting Load/Save Random Seed...
         Mounting FUSE Control File System...
         Starting Apply Kernel Variables...
         Starting Create Static Device Nodes in /dev...
         Starting Flush Journal to Persistent Storage...
[[0;32m  OK  [0m] Mounted FUSE Control File System.
[[0;32m  OK  [0m] Started Load/Save Random Seed.
[[0;32m  OK  [0m] Started Apply Kernel Variables.
[[0;32m  OK  [0m] Started Monitoring of LVM2 mirrors,...ng dmeventd or progress polling.
[[0;32m  OK  [0m] Started Create Static Device Nodes in /dev.
[[0;32m  OK  [0m] Started udev Coldplug all Devices.
[[0;32m  OK  [0m] Started Flush Journal to Persistent Storage.
         Starting udev Kernel Device Manager...
[[0;32m  OK  [0m] Started udev Kernel Device Manager.
[[0;32m  OK  [0m] Started Dispatch Password Requests to Console Directory Watch.
[[0;32m  OK  [0m] Reached target Local File Systems (Pre).
[[0;32m  OK  [0m] Reached target Local File Systems.
         Starting Create Volatile Files and Directories...
         Starting LSB: AppArmor initialization...
         Starting Tell Plymouth To Write Out Runtime Data...
         Starting Commit a transient machine-id on disk...
         Starting Set console font and keymap...
[[0;32m  OK  [0m] Started Create Volatile Files and Directories.
[[0;32m  OK  [0m] Started Tell Plymouth To Write Out Runtime Data.
[[0;32m  OK  [0m] Started Commit a transient machine-id on disk.
[[0;32m  OK  [0m] Started Initial cloud-init job (pre-networking).
[[0;32m  OK  [0m] Started Set console font and keymap.
[   21.427924] cloud-init[457]: Cloud-init v. 17.1 running 'init-local' at Mon, 29 Jan 2018 19:57:37 +0000. Up 21.10 seconds.
[[0;32m  OK  [0m] Found device /dev/ttyS0.
[[0;32m  OK  [0m] Listening on Load/Save RF Kill Switch Status /dev/rfkill Watch.
[[0;32m  OK  [0m] Created slice system-getty.slice.
[[0;32m  OK  [0m] Reached target Network (Pre).
         Starting Update UTMP about System Boot/Shutdown...
[[0;32m  OK  [0m] Reached target System Time Synchronized.
[[0;32m  OK  [0m] Started Update UTMP about System Boot/Shutdown.
[[0;32m  OK  [0m] Started LSB: AppArmor initialization.
         Starting Raise network interfaces...
[[0;32m  OK  [0m] Started ifup for enp0s3.
[[0;32m  OK  [0m] Started Raise network interfaces.
[[0;32m  OK  [0m] Reached target Network.
         Starting Initial cloud-init job (metadata service crawler)...
[   25.588521] cloud-init[976]: Cloud-init v. 17.1 running 'init' at Mon, 29 Jan 2018 19:57:41 +0000. Up 25.01 seconds.
[   25.678544] cloud-init[976]: ci-info: +++++++++++++++++++++++++++++++++++++Net device info++++++++++++++++++++++++++++++++++++++
[[0;32m  OK  [0m[   25.724324] cloud-init[976]: ci-info: +--------+------+----------------------------+---------------+-------+-------------------+
[   25.724519] cloud-init[976]: ci-info: | Device |  Up  |          Address           |      Mask     | Scope |     Hw-Address    |
[   25.724671] cloud-init[976]: ci-info: +--------+------+----------------------------+---------------+-------+-------------------+
[   25.724849] cloud-init[976]: ci-info: | enp0s3 | True |         10.0.2.15          | 255.255.255.0 |   .   | 02:1f:2a:60:99:e3 |
[   25.725055] cloud-init[976]: ci-info: | enp0s3 | True | fe80::1f:2aff:fe60:99e3/64 |       .       |  link | 02:1f:2a:60:99:e3 |
[   25.725314] cloud-init[976]: ci-info: |   lo   | True |         127.0.0.1          |   255.0.0.0   |   .   |         .         |
[   25.725513] cloud-init[976]: ci-info: |   lo   | True |          ::1/128           |       .       |  host |         .         |
[   25.725667] cloud-init[976]: ci-info: +--------+------+----------------------------+---------------+-------+-------------------+
[   25.725842] cloud-init[976]: ci-info: +++++++++++++++++++++++++++Route IPv4 info++++++++++++++++++++++++++++
[   25.726011] cloud-init[976]: ci-info: +-------+-------------+----------+---------------+-----------+-------+
[   25.726248] cloud-init[976]: ci-info: | Route | Destination | Gateway  |    Genmask    | Interface | Flags |
[   25.726483] cloud-init[976]: ci-info: +-------+-------------+----------+---------------+-----------+-------+
[   25.726720] cloud-init[976]: ci-info: |   0   |   0.0.0.0   | 10.0.2.2 |    0.0.0.0    |   enp0s3  |   UG  |
[   25.726980] cloud-init[976]: ci-info: |   1   |   10.0.2.0  | 0.0.0.0  | 255.255.255.0 |   enp0s3  |   U   |
[   25.727242] cloud-init[976]: ci-info: +-------+-------------+----------+---------------+-----------+-------+
[   25.727447] cloud-init[976]: Generating public/private rsa key pair.
[   25.727740] cloud-init[976]: Your identification has been saved in /etc/ssh/ssh_host_rsa_key.
] Started Initial cloud-init job (metadata service crawler).
[   25.728240] cloud-init[976]: Your public key has been saved in /etc/ssh/ssh_host_rsa_key.pub.
[   26.942501] cloud-init[976]: The key fingerprint is:
[   26.981272] cloud-init[976]: SHA256:JiNMZRMJwPm1Zel3ZescGfGB0GAEoPGcMpGqhjlA3SU root@ubuntu-xenial
[   27.076651] cloud-init[976]: The key's randomart image is:
[   27.077390] cloud-init[976]: +---[RSA 2048]----+
[   27.077456] cloud-init[976]: | .oooEB=.oo=+ oo |
[   27.077518] cloud-init[976]: | .o. =X.= .  o+..|
[   27.077576] cloud-init[976]: |.  .o= O     o +.|
[   27.077633] cloud-init[976]: |.  +. + . . . +  |
[   27.077698] cloud-init[976]: |o.. o o S. . o . |
[   27.077755] cloud-init[976]: |+o   . +      o  |
[   27.077812] cloud-init[976]: |..               |
[   27.077869] cloud-init[976]: |                 |
[   27.077925] cloud-init[976]: |                 |
[   27.077982] cloud-init[976]: +----[SHA256]-----+
[   27.078038] cloud-init[976]: Generating public/private dsa key pair.
[   27.078095] cloud-init[976]: Your identification has been saved in /etc/ssh/ssh_host_dsa_key.
[   27.078152] cloud-init[976]: Your public key has been saved in /etc/ssh/ssh_host_dsa_key.pub.
[   27.078208] cloud-init[976]: The key fingerprint is:
[   27.078267] cloud-init[976]: SHA256:2XRJo8fDrNYaArM+B3INuGl5XoPKl7Gco6pKNkEiD6A root@ubuntu-xenial
[   27.078325] cloud-init[976]: The key's randomart image is:
[   27.078385] cloud-init[976]: +---[DSA 1024]----+
[   27.078442] cloud-init[976]: |.           o    |
[   27.078498] cloud-init[976]: |o    .     * o   |
[   27.078553] cloud-init[976]: |E.  . +   o O    |
[   27.078609] cloud-init[976]: |+o   + B + = .   |
[   27.078715] cloud-init[976]: | .. * B S = .    |
[   27.078775] cloud-init[976]: |  .o O B + o     |
[   27.078831] cloud-init[976]: | +  o @ . .      |
[   27.078891] cloud-init[976]: |o .  o +         |
[   27.078949] cloud-init[976]: |+....            |
[   27.079004] cloud-init[976]: +----[SHA256]-----+
[   27.079059] cloud-init[976]: Generating public/private ecdsa key pair.
[   27.079116] cloud-init[976]: Your identification has been saved in /etc/ssh/ssh_host_ecdsa_key.
[   27.079172] cloud-init[976]: Your public key has been saved in /etc/ssh/ssh_host_ecdsa_key.pub.
[   27.079230] cloud-init[976]: The key fingerprint is:
[   27.079286] cloud-init[976]: SHA256:B34HsR9rTvtP3eVln9jp7FKm387bHnMMcI3Sy0ACF4k root@ubuntu-xenial
[   27.079341] cloud-init[976]: The key's randomart image is:
[   27.079398] cloud-init[976]: +---[ECDSA 256]---+
[   27.079453] cloud-init[976]: |        .o=o.    |
[   27.079510] cloud-init[976]: |        E..= . o |
[   27.079570] cloud-init[976]: |        . o = + .|
[   27.079626] cloud-init[976]: |       . . o O . |
[   27.079683] cloud-init[976]: |        S o * + +|
[   27.079738] cloud-init[976]: |         o = .oBO|
[   27.079793] cloud-init[976]: |            o.+*O|
[   27.079850] cloud-init[976]: |             +oo*|
[   27.079904] cloud-init[976]: |              =XO|
[   27.079960] cloud-init[976]: +----[SHA256]-----+
[[0;32m  OK  [0m] Reached target Network is Online.
         Starting iSCSI initiator daemon (iscsid)...
[[0;32m  OK  [0m] Reached target Cloud-config availability.
[   27.080126] cloud-init[976]: Generating public/private ed25519 key pair.
[   29.028545] cloud-init[976]: Your identification has been saved in /etc/ssh/ssh_host_ed25519_key.
[   29.104477] cloud-init[976]: Your public key has been saved in /etc/ssh/ssh_host_ed25519_key.pub.
[   29.105249] cloud-init[976]: The key fingerprint is:
[   29.105329] cloud-init[976]: SHA256:ovrH+f6reKEGsMuL6nJcm39D7ZClSKkYIO0C3/2BIaE root@ubuntu-xenial
[   29.105404] cloud-init[976]: The key's randomart image is:
[   29.105476] cloud-init[976]: +--[ED25519 256]--+
[   29.105548] cloud-init[976]: | .  ..           |
[   29.105620] cloud-init[976]: |+ ... .          |
[   29.105692] cloud-init[976]: |o+E. o +         |
[   29.105763] cloud-init[976]: |. = . = . .      |
[   29.105836] cloud-init[976]: | . = o.oS*       |
[   29.105909] cloud-init[976]: |  o +...B .      |
[   29.105982] cloud-init[976]: | o o.= + +       |
[   29.106054] cloud-init[976]: |..=.o *.+ .      |
[   29.106437] cloud-init[976]: |*ooo.+o=++o.     |
[   29.106517] cloud-init[976]: +----[SHA256]-----+
[[0;32m  OK  [0m] Reached target System Initialization.
[[0;32m  OK  [0m] Listening on D-Bus System Message Bus Socket.
[[0;32m  OK  [0m] Started Daily Cleanup of Temporary Directories.
[[0;32m  OK  [0m] Listening on UUID daemon activation socket.
         Starting Socket activation for snappy daemon.
[[0;32m  OK  [0m] Listening on ACPID Listen Socket.
[[0;32m  OK  [0m] Started Timer to automatically refresh installed snaps.
         Starting LXD - unix socket.
[[0;32m  OK  [0m] Started Daily apt download activities.
[[0;32m  OK  [0m] Started Daily apt upgrade and clean activities.
[[0;32m  OK  [0m] Reached target Timers.
[[0;32m  OK  [0m] Started ACPI Events Check.
[[0;32m  OK  [0m] Reached target Paths.
[[0;32m  OK  [0m] Listening on Socket activation for snappy daemon.
[[0;32m  OK  [0m] Listening on LXD - unix socket.
[[0;32m  OK  [0m] Started iSCSI initiator daemon (iscsid).
         Starting Login to default iSCSI targets...
[[0;32m  OK  [0m] Reached target Sockets.
[[0;32m  OK  [0m] Reached target Basic System.
         Starting Pollinate to seed the pseudo random number generator...
         Starting LSB: MD monitoring daemon...
[[0;32m  OK  [0m] Started D-Bus System Message Bus.
         Starting /etc/rc.local Compatibility...
[[0;32m  OK  [0m] Started Deferred execution scheduler.
         Starting Accounts Service...
[[0;32m  OK  [0m] Started FUSE filesystem for LXC.
         Starting Login Service...
         Starting LXD - container startup/shutdown...
         Starting Apply the settings specified in cloud-config...
[[0;32m  OK  [0m] Started Unattended Upgrades Shutdown.
[[0;32m  OK  [0m] Started Regular background program processing daemon.
[[0;32m  OK  [0m] Started ACPI event daemon.
         Starting System Logging Service...
         Starting LSB: Record successful boot for GRUB...
         Starting Snappy daemon...
[[0;32m  OK  [0m] Started System Logging Service.
[[0;32m  OK  [0m] Started /etc/rc.local Compatibility.
[[0;32m  OK  [0m] Started LXD - container startup/shutdown.
[[0;32m  OK  [0m] Started Snappy daemon.
[[0;32m  OK  [0m] Started Login to default iSCSI targets.
[[0;32m  OK  [0m] Started LSB: MD monitoring daemon.
         Starting Authenticate and Authorize Users to Run Privileged Tasks...
[[0;32m  OK  [0m] Reached target Remote File Systems (Pre).
[[0;32m  OK  [0m] Reached target Remote File Systems.
         Starting Permit User Sessions...
         Starting LSB: VirtualBox Linux Additions...
         Starting LSB: daemon to balance interrupts for SMP systems...
         Starting LSB: Set the CPU Frequency Scaling governor to "ondemand"...
         Starting LSB: automatic crash report generation...
[[0;32m  OK  [0m] Started LSB: Record successful boot for GRUB.
[[0;32m  OK  [0m] Started Permit User Sessions.
[[0;32m  OK  [0m] Started Login Service.
[[0;32m  OK  [0m] Started Authenticate and Authorize Users to Run Privileged Tasks.
[[0;32m  OK  [0m] Started Pollinate to seed the pseudo random number generator.
[[0;32m  OK  [0m] Started Accounts Service.
         Starting OpenBSD Secure Shell server...
         Starting Hold until boot process finishes up...
         Starting Terminate Plymouth Boot Screen...
[[0;32m  OK  [0m] Started LSB: Set the CPU Frequency Scaling governor to "ondemand".
[[0;32m  OK  [0m] Started LSB: VirtualBox Linux Additions.
[   31.935853] cloud-init[1154]: Generating locales (this might take a while)...
[[0;32m  OK  [0m] Started LSB: daemon to balance interrupts for SMP systems.
[[0;32m  OK  [0m] Started LSB: automatic crash report generation.
[[0;32m  OK  [0m] Started Hold until boot process finishes up.
[[0;32m  OK  [0m] Started Terminate Plymouth Boot Screen.
[[0;32m  OK  [0m] Started OpenBSD Secure Shell server.
[[0;32m  OK  [0m] Created slice User Slice of vagrant.
[[0;32m  OK  [0m] Started Session 1 of user vagrant.
         Starting User Manager for UID 1000...
         Starting Set console scheme...
[[0;32m  OK  [0m] Started Serial Getty on ttyS0.
[[0;32m  OK  [0m] Started Getty on tty1.
[[0;32m  OK  [0m] Reached target Login Prompts.
[[0;32m  OK  [0m] Reached target Multi-User System.
[[0;32m  OK  [0m] Reached target Graphical Interface.
         Starting Update UTMP about System Runlevel Changes...
[[0;32m  OK  [0m] Started User Manager for UID 1000.
[[0;32m  OK  [0m] Started Set console scheme.
[   32.793755] cloud-init[1154]:   en_US.UTF-8... done
[[0;32m  OK  [0m[   32.980409] cloud-init[1154]: Generation complete.
] Started Update UTMP about System Runlevel Changes.
[[0;32m  OK  [0m] Started Apply the settings specified in cloud-config.
[   33.050537] cloud-init[1154]: Cloud-init v. 17.1 running 'modules:config' at Mon, 29 Jan 2018 19:57:47 +0000. Up 31.25 seconds.
         Starting Execute cloud user/final scripts...
ci-info: no authorized ssh keys fingerprints found for user ubuntu.
<14>Jan 29 19:57:49 ec2: 
<14>Jan 29 19:57:49 ec2: #############################################################
<14>Jan 29 19:57:49 ec2: -----BEGIN SSH HOST KEY FINGERPRINTS-----
<14>Jan 29 19:57:49 ec2: 1024 SHA256:2XRJo8fDrNYaArM+B3INuGl5XoPKl7Gco6pKNkEiD6A root@ubuntu-xenial (DSA)
<14>Jan 29 19:57:49 ec2: 256 SHA256:B34HsR9rTvtP3eVln9jp7FKm387bHnMMcI3Sy0ACF4k root@ubuntu-xenial (ECDSA)
<14>Jan 29 19:57:49 ec2: 256 SHA256:ovrH+f6reKEGsMuL6nJcm39D7ZClSKkYIO0C3/2BIaE root@ubuntu-xenial (ED25519)
<14>Jan 29 19:57:49 ec2: 2048 SHA256:JiNMZRMJwPm1Zel3ZescGfGB0GAEoPGcMpGqhjlA3SU root@ubuntu-xenial (RSA)
<14>Jan 29 19:57:49 ec2: -----END SSH HOST KEY FINGERPRINTS-----
<14>Jan 29 19:57:49 ec2: #############################################################
-----BEGIN SSH HOST KEY KEYS-----
ecdsa-sha2-nistp256 AAAAE2VjZHNhLXNoYTItbmlzdHAyNTYAAAAIbmlzdHAyNTYAAABBBJAyZqEjHY5Bv8nnEIulGplJE3wwKplCavJVjvuM3Qu1I3QYcL2QZizHyNxV055FUfeu/27hcW/2NcYUsH8dv1M= root@ubuntu-xenial
ssh-ed25519 AAAAC3NzaC1lZDI1NTE5AAAAIGrSDJPZJxd5KjpXQ0wUIB1d6tqY1CVlG5LjjTyORANZ root@ubuntu-xenial
ssh-rsa AAAAB3NzaC1yc2EAAAADAQABAAABAQC50CTFczvpERwy1++HS795GQuz5GxuNJ7DONCiXIoqkpHdloUHI/IkCjQXkcscB3DwMU646SZUWZOnheNV2pl+R8IGE9X+C6OVD3VYnfqtIFsaTej9jic3Kz/b/GuGL53EswkTW6NIuy5iM/KG6CB8nMqHSDYrkhTgy04MTJGW1pO8WHsedDQSNrPLuB8PaeJL6Sms6Qdw3+/Zc6KEEcExqeZ4hGcKnK8v/KwU5GVBn9o3eDF4xzcj7vtGS6WRGRfumy/PVxDiyAS54+jzmPcXHBp2llWlD8E33g+VUv7v/rSn9s7hK+fgEzI3dbOvjMZg4TjOx1cBLP4YAhf5t1+x root@ubuntu-xenial
-----END SSH HOST KEY KEYS-----
[   34.657424] cloud-init[1357]: Cloud-init v. 17.1 running 'modules:final' at Mon, 29 Jan 2018 19:57:49 +0000. Up 33.51 seconds.
[   34.692416] cloud-init[1357]: ci-info: no authorized ssh keys fingerprints found for user ubuntu.
[   34.740779] cloud-init[1357]: Cloud-init v. 17.1 finished at Mon, 29 Jan 2018 19:57:50 +0000. Datasource DataSourceNoCloud [seed=/dev/sdb][dsmode=net].  Up 34.64 seconds
[[0;32m  OK  [0m] Started Execute cloud user/final scripts.
[[0;32m  OK  [0m] Reached target Cloud-init target.

Ubuntu 16.04.3 LTS ubuntu-xenial ttyS0

ubuntu-xenial login: 